FAILED tests/builder_pyspark_tests/test_customer_analytics_pipeline.py::TestCustomerAnalyticsPipeline::test_customer_analytics_logging
FAILED tests/builder_pyspark_tests/test_data_quality_pipeline.py::TestDataQualityPipeline::test_complete_data_quality_pipeline_execution
FAILED tests/builder_pyspark_tests/test_ecommerce_pipeline.py::TestEcommercePipeline::test_logging_and_monitoring
FAILED tests/builder_pyspark_tests/test_financial_pipeline.py::TestFinancialPipeline::test_financial_audit_logging
FAILED tests/builder_pyspark_tests/test_healthcare_pipeline.py::TestHealthcarePipeline::test_complete_healthcare_pipeline_execution
FAILED tests/builder_pyspark_tests/test_healthcare_pipeline.py::TestHealthcarePipeline::test_healthcare_logging
FAILED tests/builder_pyspark_tests/test_iot_pipeline.py::TestIotPipeline::test_performance_monitoring
FAILED tests/builder_pyspark_tests/test_marketing_pipeline.py::TestMarketingPipeline::test_complete_marketing_pipeline_execution
FAILED tests/builder_pyspark_tests/test_multi_source_pipeline.py::TestMultiSourcePipeline::test_multi_source_logging
FAILED tests/builder_pyspark_tests/test_streaming_hybrid_pipeline.py::TestStreamingHybridPipeline::test_complete_streaming_hybrid_pipeline_execution
FAILED tests/builder_pyspark_tests/test_supply_chain_pipeline.py::TestSupplyChainPipeline::test_complete_supply_chain_pipeline_execution
FAILED tests/builder_pyspark_tests/test_supply_chain_pipeline.py::TestSupplyChainPipeline::test_supply_chain_logging
FAILED tests/builder_tests/test_customer_analytics_pipeline.py::TestCustomerAnalyticsPipeline::test_customer_analytics_logging
FAILED tests/builder_tests/test_data_quality_pipeline.py::TestDataQualityPipeline::test_complete_data_quality_pipeline_execution
FAILED tests/builder_tests/test_ecommerce_pipeline.py::TestEcommercePipeline::test_logging_and_monitoring
FAILED tests/builder_tests/test_financial_pipeline.py::TestFinancialPipeline::test_financial_audit_logging
FAILED tests/builder_tests/test_healthcare_pipeline.py::TestHealthcarePipeline::test_complete_healthcare_pipeline_execution
FAILED tests/builder_tests/test_healthcare_pipeline.py::TestHealthcarePipeline::test_healthcare_logging
FAILED tests/builder_tests/test_iot_pipeline.py::TestIotPipeline::test_performance_monitoring
FAILED tests/builder_tests/test_marketing_pipeline.py::TestMarketingPipeline::test_complete_marketing_pipeline_execution
FAILED tests/builder_tests/test_multi_source_pipeline.py::TestMultiSourcePipeline::test_multi_source_logging
FAILED tests/builder_tests/test_streaming_hybrid_pipeline.py::TestStreamingHybridPipeline::test_complete_streaming_hybrid_pipeline_execution
FAILED tests/builder_tests/test_supply_chain_pipeline.py::TestSupplyChainPipeline::test_complete_supply_chain_pipeline_execution
FAILED tests/builder_tests/test_supply_chain_pipeline.py::TestSupplyChainPipeline::test_supply_chain_logging
FAILED tests/integration/test_silver_dependency_integration.py::TestSilverDependencyIntegration::test_backward_compatibility_no_source_silvers
FAILED tests/integration/test_silver_dependency_integration.py::TestSilverDependencyIntegration::test_full_pipeline_bronze_to_two_silvers_with_dependency
FAILED tests/integration/test_silver_dependency_integration.py::TestSilverDependencyIntegration::test_pipeline_builder_with_silver_dependencies
FAILED tests/integration/test_stepwise_execution.py::TestComplexScenarios::test_multiple_silver_steps_with_dependencies
FAILED tests/integration/test_stepwise_execution.py::TestContextManagement::test_start_at_step_loads_from_table
FAILED tests/integration/test_stepwise_execution.py::TestEdgeCases::test_empty_step_params_dict
FAILED tests/integration/test_stepwise_execution.py::TestEdgeCases::test_rerun_without_prior_execution
FAILED tests/integration/test_stepwise_execution.py::TestEdgeCases::test_start_at_first_step
FAILED tests/integration/test_stepwise_execution.py::TestEdgeCases::test_step_params_for_nonexistent_step
FAILED tests/integration/test_stepwise_execution.py::TestErrorHandling::test_stop_after_invalid_step
FAILED tests/integration/test_stepwise_execution.py::TestParameterPassingVariations::test_gold_step_with_kwargs
FAILED tests/integration/test_stepwise_execution.py::TestParameterPassingVariations::test_silver_step_with_kwargs
FAILED tests/integration/test_stepwise_execution.py::TestPipelineDebugSession::test_debug_session_rerun_with_params
FAILED tests/integration/test_stepwise_execution.py::TestPipelineDebugSession::test_debug_session_run_step
FAILED tests/integration/test_stepwise_execution.py::TestPipelineDebugSession::test_debug_session_run_step_with_bronze_sources
FAILED tests/integration/test_stepwise_execution.py::TestPipelineDebugSession::test_debug_session_run_until
FAILED tests/integration/test_stepwise_execution.py::TestRunnerStepwiseAPI::test_rerun_step_with_params
FAILED tests/integration/test_stepwise_execution.py::TestRunnerStepwiseAPI::test_rerun_step_with_step_transform_override
FAILED tests/integration/test_stepwise_execution.py::TestRunnerStepwiseAPI::test_run_step
FAILED tests/integration/test_stepwise_execution.py::TestRunnerStepwiseAPI::test_run_step_with_bronze_sources
FAILED tests/integration/test_stepwise_execution.py::TestRunnerStepwiseAPI::test_run_step_with_step_transform_override
FAILED tests/integration/test_stepwise_execution.py::TestRunnerStepwiseAPI::test_run_until
FAILED tests/integration/test_stepwise_execution.py::TestStepParamsSupport::test_gold_step_with_params
FAILED tests/integration/test_stepwise_execution.py::TestStepParamsSupport::test_silver_step_with_params
FAILED tests/integration/test_stepwise_execution.py::TestStepParamsSupport::test_silver_step_without_params_backward_compatible
FAILED tests/integration/test_stepwise_execution.py::TestStepwiseExecution::test_start_at_step
FAILED tests/integration/test_stepwise_execution.py::TestStepwiseExecution::test_stop_after_step
FAILED tests/integration/test_stepwise_execution.py::TestValidationOnlyStepsIntegration::test_with_gold_rules_existing_table_used_in_prior_golds
FAILED tests/integration/test_stepwise_execution.py::TestValidationOnlyStepsIntegration::test_with_silver_rules_and_gold_rules_both_prior_tables_used
FAILED tests/integration/test_stepwise_execution.py::TestValidationOnlyStepsIntegration::test_with_silver_rules_existing_table_used_in_prior_silvers
FAILED tests/integration/test_stepwise_execution.py::TestValidationOnlyStepsIntegration::test_with_silver_rules_prior_silvers_join_data_correctness
FAILED tests/integration/test_stepwise_execution.py::TestWriteOutputsControl::test_write_outputs_true_creates_table
FAILED tests/integration/test_write_mode_integration.py::TestWriteModeIntegration::test_incremental_pipeline_preserves_data
FAILED tests/integration/test_write_mode_integration.py::TestWriteModeIntegration::test_initial_pipeline_overwrites_data
FAILED tests/integration/test_write_mode_integration.py::TestWriteModeIntegration::test_log_writer_receives_correct_write_mode
FAILED tests/integration/test_write_mode_integration.py::TestWriteModeIntegration::test_mixed_pipeline_modes_have_correct_write_modes
FAILED tests/integration/test_write_mode_integration.py::TestWriteModeIntegration::test_write_mode_consistency_across_pipeline_runs
FAILED tests/integration/test_write_mode_integration.py::TestWriteModeIntegration::test_write_mode_regression_prevention
FAILED tests/system/test_edge_case_workflows.py::TestEdgeCaseWorkflows::test_concurrent_initial_runs
FAILED tests/system/test_edge_case_workflows.py::TestEdgeCaseWorkflows::test_empty_dataframe_handling
FAILED tests/system/test_edge_case_workflows.py::TestEdgeCaseWorkflows::test_invalid_data_types
FAILED tests/system/test_edge_case_workflows.py::TestEdgeCaseWorkflows::test_large_dataset_handling
FAILED tests/system/test_edge_case_workflows.py::TestEdgeCaseWorkflows::test_missing_columns_after_transform
FAILED tests/system/test_edge_case_workflows.py::TestEdgeCaseWorkflows::test_null_values_in_critical_columns
FAILED tests/system/test_edge_case_workflows.py::TestEdgeCaseWorkflows::test_partial_failure_recovery
FAILED tests/system/test_edge_case_workflows.py::TestEdgeCaseWorkflows::test_schema_mismatch_handling
FAILED tests/system/test_edge_case_workflows.py::TestEdgeCaseWorkflows::test_validation_threshold_failure
FAILED tests/system/test_edge_case_workflows.py::TestEdgeCaseWorkflows::test_writer_failure_recovery
FAILED tests/system/test_full_pipeline_with_logging.py::TestFullPipelineWithLogging::test_full_pipeline_with_logging
FAILED tests/system/test_full_pipeline_with_logging_variations.py::TestComplexDependencies::test_pipeline_complex_dependencies_with_logging
FAILED tests/system/test_full_pipeline_with_logging_variations.py::TestDataQuality::test_pipeline_duplicate_data_with_logging
FAILED tests/system/test_full_pipeline_with_logging_variations.py::TestDataQuality::test_pipeline_null_handling_with_logging
FAILED tests/system/test_full_pipeline_with_logging_variations.py::TestDataTypes::test_pipeline_data_type_variations
FAILED tests/system/test_full_pipeline_with_logging_variations.py::TestEdgeCases::test_pipeline_all_invalid_data
FAILED tests/system/test_full_pipeline_with_logging_variations.py::TestEdgeCases::test_pipeline_with_empty_data
FAILED tests/system/test_full_pipeline_with_logging_variations.py::TestEdgeCases::test_pipeline_with_partial_validation_failures
FAILED tests/system/test_full_pipeline_with_logging_variations.py::TestExecutionModes::test_pipeline_sequential_execution_with_logging
FAILED tests/system/test_full_pipeline_with_logging_variations.py::TestHighVolume::test_pipeline_high_volume_with_logging
FAILED tests/system/test_full_pipeline_with_logging_variations.py::TestIncrementalScenarios::test_pipeline_incremental_with_gaps
FAILED tests/system/test_full_pipeline_with_logging_variations.py::TestIncrementalScenarios::test_pipeline_multiple_incremental_runs
FAILED tests/system/test_full_pipeline_with_logging_variations.py::TestLargePipelines::test_large_pipeline_with_logging
FAILED tests/system/test_full_pipeline_with_logging_variations.py::TestLongRunning::test_pipeline_long_running_with_logging
FAILED tests/system/test_full_pipeline_with_logging_variations.py::TestMinimalPipelines::test_minimal_pipeline_with_logging
FAILED tests/system/test_full_pipeline_with_logging_variations.py::TestMixedSuccessFailure::test_pipeline_mixed_success_failure
FAILED tests/system/test_full_pipeline_with_logging_variations.py::TestParallelStress::test_pipeline_parallel_execution_stress
FAILED tests/system/test_full_pipeline_with_logging_variations.py::TestSchemaEvolution::test_pipeline_with_schema_evolution_logging
FAILED tests/system/test_full_pipeline_with_logging_variations.py::TestValidationThresholds::test_pipeline_validation_thresholds_logging
FAILED tests/system/test_full_pipeline_with_logging_variations.py::TestWriteModes::test_pipeline_write_mode_variations
FAILED tests/system/test_robust_pipeline_writer_flows.py::TestRobustFullPipelineFlows::test_initial_then_incremental_flow
FAILED tests/system/test_robust_pipeline_writer_flows.py::TestRobustFullPipelineFlows::test_multiple_initial_runs_overwrite_tables
FAILED tests/system/test_robust_pipeline_writer_flows.py::TestRobustFullPipelineFlows::test_writer_metrics_accuracy
FAILED tests/system/test_schema_evolution_without_override.py::TestSchemaEvolutionWithoutOverride::test_gold_schema_evolution_without_override
FAILED tests/system/test_schema_evolution_without_override.py::TestSchemaEvolutionWithoutOverride::test_silver_schema_evolution_incremental_should_error
FAILED tests/system/test_schema_evolution_without_override.py::TestSchemaEvolutionWithoutOverride::test_silver_schema_evolution_on_initial_load_rerun
FAILED tests/system/test_schema_evolution_without_override.py::TestSchemaEvolutionWithoutOverride::test_silver_schema_evolution_with_multiple_new_columns
FAILED tests/unit/test_execution_100_coverage.py::TestExecutePipelineComplete::test_execute_pipeline_success_with_gold_steps
FAILED tests/unit/test_execution_100_coverage.py::TestExecutePipelineComplete::test_execute_pipeline_success_with_silver_steps
FAILED tests/unit/test_execution_100_coverage.py::TestExecuteStepComplete::test_execute_gold_step_success
FAILED tests/unit/test_execution_100_coverage.py::TestExecuteStepComplete::test_execute_silver_step_success
FAILED tests/unit/test_execution_100_coverage.py::TestExecuteStepComplete::test_execute_step_with_rules_validation
FAILED tests/unit/test_execution_write_mode.py::TestExecutionEngineWriteMode::test_full_refresh_mode_uses_overwrite_for_gold_step
FAILED tests/unit/test_execution_write_mode.py::TestExecutionEngineWriteMode::test_full_refresh_mode_uses_overwrite_for_silver_step
FAILED tests/unit/test_execution_write_mode.py::TestExecutionEngineWriteMode::test_incremental_mode_uses_append_for_silver_step
FAILED tests/unit/test_execution_write_mode.py::TestExecutionEngineWriteMode::test_incremental_mode_uses_overwrite_for_gold_step
FAILED tests/unit/test_execution_write_mode.py::TestExecutionEngineWriteMode::test_initial_mode_uses_overwrite_for_gold_step
FAILED tests/unit/test_execution_write_mode.py::TestExecutionEngineWriteMode::test_initial_mode_uses_overwrite_for_silver_step
FAILED tests/unit/test_execution_write_mode.py::TestExecutionEngineWriteMode::test_spark_write_mode_matches_result_write_mode
FAILED tests/unit/test_execution_write_mode.py::TestExecutionEngineWriteMode::test_write_mode_consistency_across_step_types
FAILED tests/unit/test_execution_write_mode.py::TestWriteModeRegression::test_gold_incremental_mode_uses_overwrite
FAILED tests/unit/test_execution_write_mode.py::TestWriteModeRegression::test_incremental_mode_uses_append_for_silver_steps
FAILED tests/unit/test_guides_examples.py::TestGettingStartedGuideFirstPipeline::test_first_pipeline_builds_and_runs
FAILED tests/unit/test_guides_examples.py::TestUseCaseBIGuide::test_bi_pipeline_builds_and_runs
FAILED tests/unit/test_guides_examples.py::TestUseCaseEcommerceGuide::test_ecommerce_pipeline_builds_and_runs
FAILED tests/unit/test_guides_examples.py::TestUseCaseIoTGuide::test_iot_pipeline_builds_and_runs
FAILED tests/unit/test_pipeline_runner_write_mode.py::TestPipelineRunnerWriteMode::test_incremental_vs_initial_write_mode_difference
FAILED tests/unit/test_pipeline_runner_write_mode.py::TestPipelineRunnerWriteMode::test_no_data_loss_in_incremental_mode_for_silver_steps
FAILED tests/unit/test_pipeline_runner_write_mode.py::TestPipelineRunnerWriteMode::test_run_full_refresh_uses_overwrite_mode
FAILED tests/unit/test_pipeline_runner_write_mode.py::TestPipelineRunnerWriteMode::test_run_incremental_sets_expected_write_modes
FAILED tests/unit/test_pipeline_runner_write_mode.py::TestPipelineRunnerWriteMode::test_run_initial_load_uses_overwrite_mode
FAILED tests/unit/test_pipeline_runner_write_mode.py::TestPipelineRunnerWriteMode::test_run_pipeline_with_incremental_mode_sets_expected_write_modes
FAILED tests/unit/test_pipeline_runner_write_mode.py::TestPipelineRunnerWriteMode::test_run_pipeline_with_initial_mode_uses_overwrite
FAILED tests/unit/test_stepwise_execution_guide_examples.py::TestStepwiseGuideCompleteExample1::test_complete_example1_run_until_and_parameter_override
FAILED tests/unit/test_stepwise_execution_guide_examples.py::TestStepwiseGuideDebugSessionExample::test_debug_session_run_until_and_run_step
FAILED tests/unit/test_stepwise_execution_guide_examples.py::TestStepwiseGuideMinimalExample::test_minimal_example_run_until
FAILED tests/unit/test_stepwise_execution_guide_examples.py::TestStepwiseGuideRunStepExample::test_run_step_example
FAILED tests/unit/test_trap_5_default_schema_fallbacks.py::TestTrap5DefaultSchemaFallbacks::test_gold_step_with_schema_works_correctly
FAILED tests/unit/test_trap_5_default_schema_fallbacks.py::TestTrap5DefaultSchemaFallbacks::test_silver_step_with_schema_works_correctly
FAILED tests/unit/test_writer_comprehensive.py::TestWriterComprehensive::test_write_execution_result
FAILED tests/unit/test_writer_comprehensive.py::TestWriterComprehensive::test_write_execution_result_batch
FAILED tests/unit/test_writer_comprehensive.py::TestWriterComprehensive::test_write_execution_result_with_metadata
FAILED tests/unit/test_writer_comprehensive.py::TestWriterComprehensive::test_write_log_rows
FAILED tests/unit/test_writer_comprehensive.py::TestWriterComprehensive::test_write_step_results
FAILED tests/unit/test_writer_comprehensive.py::TestWriterComprehensive::test_writer_metrics_tracking
FAILED tests/unit/test_writer_comprehensive.py::TestWriterComprehensive::test_writer_schema_evolution_settings
FAILED tests/unit/test_writer_comprehensive.py::TestWriterComprehensive::test_writer_with_compression_settings
FAILED tests/unit/test_writer_comprehensive.py::TestWriterComprehensive::test_writer_with_custom_batch_size
FAILED tests/unit/test_writer_comprehensive.py::TestWriterComprehensive::test_writer_with_different_log_levels
FAILED tests/unit/test_writer_comprehensive.py::TestWriterComprehensive::test_writer_with_different_write_modes
FAILED tests/unit/test_writer_comprehensive.py::TestWriterComprehensive::test_writer_with_partition_settings
